2025-08-18 19:14:56.865 | INFO     | 94694 | MainThread | backend.api:lifespan:28 | 初始化系统资源
2025-08-18 19:15:05.976 | INFO     | 94694 | MainThread | backend.api:lifespan:39 | 正在清理应用资源...
2025-08-18 19:15:06.884 | INFO     | 94879 | MainThread | backend.api:lifespan:28 | 初始化系统资源
2025-08-18 19:15:06.884 | INFO     | 94879 | MainThread | backend.api:lifespan:28 | 初始化系统资源
2025-08-18 19:15:13.058 | INFO     | 94879 | MainThread | backend.api:lifespan:39 | 正在清理应用资源...
2025-08-18 19:15:13.058 | INFO     | 94879 | MainThread | backend.api:lifespan:39 | 正在清理应用资源...
2025-08-18 19:16:29.478 | INFO     | 97086 | MainThread | backend.api:lifespan:33 | 初始化系统资源
2025-08-18 19:16:29.478 | INFO     | 97086 | MainThread | backend.api:lifespan:33 | 初始化系统资源
2025-08-18 19:16:41.222 | INFO     | 97086 | MainThread | backend.api:lifespan:44 | 正在清理应用资源...
2025-08-18 19:16:41.222 | INFO     | 97086 | MainThread | backend.api:lifespan:44 | 正在清理应用资源...
2025-08-18 19:16:42.109 | INFO     | 97367 | MainThread | backend.api:lifespan:33 | 初始化系统资源
2025-08-18 19:16:42.109 | INFO     | 97367 | MainThread | backend.api:lifespan:33 | 初始化系统资源
2025-08-18 19:16:44.740 | INFO     | 97367 | MainThread | backend.api:lifespan:44 | 正在清理应用资源...
2025-08-18 19:16:44.740 | INFO     | 97367 | MainThread | backend.api:lifespan:44 | 正在清理应用资源...
2025-08-18 19:18:11.560 | INFO     | 99379 | MainThread | backend.api:lifespan:33 | 初始化系统资源
2025-08-18 19:18:11.560 | INFO     | 99379 | MainThread | backend.api:lifespan:33 | 初始化系统资源
2025-08-18 19:21:54.459 | INFO     | 99379 | MainThread | backend.routers.diagnosis:create_diagnosis:22 | 开始处理诊断请求: 
2025-08-18 19:21:54.459 | INFO     | 99379 | MainThread | backend.routers.diagnosis:create_diagnosis:22 | 开始处理诊断请求: 
2025-08-18 19:21:54.459 | WARNING  | 99379 | MainThread | backend.routers.diagnosis:create_diagnosis:28 | 诊断描述为空
2025-08-18 19:21:54.459 | WARNING  | 99379 | MainThread | backend.routers.diagnosis:create_diagnosis:28 | 诊断描述为空
2025-08-18 19:22:26.942 | INFO     | 99379 | MainThread | backend.routers.diagnosis:create_diagnosis:22 | 开始处理诊断请求: 7岁的公狗，已绝育，出现食欲下降，晚上睡觉会出现呼吸急促，喘气吐舌头，不安，平时白天基本不睡觉
2025-08-18 19:22:26.942 | INFO     | 99379 | MainThread | backend.routers.diagnosis:create_diagnosis:22 | 开始处理诊断请求: 7岁的公狗，已绝育，出现食欲下降，晚上睡觉会出现呼吸急促，喘气吐舌头，不安，平时白天基本不睡觉
2025-08-18 19:22:26.946 | INFO     | 99379 | MainThread | core.ai_diagnosis.diagnosis:__init__:146 | Model Name: ZhipuAI/GLM-4.5
2025-08-18 19:22:26.946 | INFO     | 99379 | MainThread | core.ai_diagnosis.diagnosis:__init__:146 | Model Name: ZhipuAI/GLM-4.5
2025-08-18 19:22:26.946 | INFO     | 99379 | MainThread | core.ai_diagnosis.diagnosis:__init__:147 | Base URL: https://api-inference.modelscope.cn/v1
2025-08-18 19:22:26.946 | INFO     | 99379 | MainThread | core.ai_diagnosis.diagnosis:__init__:147 | Base URL: https://api-inference.modelscope.cn/v1
2025-08-18 19:22:26.946 | INFO     | 99379 | MainThread | core.ai_diagnosis.diagnosis:__init__:148 | API Key: ms-d3532402-86de-4e6d-b60d-158e0851895d
2025-08-18 19:22:26.946 | INFO     | 99379 | MainThread | core.ai_diagnosis.diagnosis:__init__:148 | API Key: ms-d3532402-86de-4e6d-b60d-158e0851895d
2025-08-18 19:22:48.192 | INFO     | 5568 | MainThread | backend.api:lifespan:33 | 初始化系统资源
2025-08-18 19:22:48.192 | INFO     | 5568 | MainThread | backend.api:lifespan:33 | 初始化系统资源
2025-08-18 19:22:56.018 | INFO     | 5568 | MainThread | backend.routers.diagnosis:create_diagnosis:22 | 开始处理诊断请求: 7岁的公狗，已绝育，出现食欲下降，晚上睡觉会出现呼吸急促，喘气吐舌头，不安，平时白天基本不睡觉
2025-08-18 19:22:56.018 | INFO     | 5568 | MainThread | backend.routers.diagnosis:create_diagnosis:22 | 开始处理诊断请求: 7岁的公狗，已绝育，出现食欲下降，晚上睡觉会出现呼吸急促，喘气吐舌头，不安，平时白天基本不睡觉
2025-08-18 19:22:56.020 | INFO     | 5568 | MainThread | core.ai_diagnosis.diagnosis:__init__:146 | Model Name: ZhipuAI/GLM-4.5
2025-08-18 19:22:56.020 | INFO     | 5568 | MainThread | core.ai_diagnosis.diagnosis:__init__:146 | Model Name: ZhipuAI/GLM-4.5
2025-08-18 19:22:56.020 | INFO     | 5568 | MainThread | core.ai_diagnosis.diagnosis:__init__:147 | Base URL: https://api-inference.modelscope.cn/v1
2025-08-18 19:22:56.020 | INFO     | 5568 | MainThread | core.ai_diagnosis.diagnosis:__init__:147 | Base URL: https://api-inference.modelscope.cn/v1
2025-08-18 19:22:56.020 | INFO     | 5568 | MainThread | core.ai_diagnosis.diagnosis:__init__:148 | API Key: ms-d3532402-86de-4e6d-b60d-158e0851895d
2025-08-18 19:22:56.020 | INFO     | 5568 | MainThread | core.ai_diagnosis.diagnosis:__init__:148 | API Key: ms-d3532402-86de-4e6d-b60d-158e0851895d
2025-08-18 19:23:14.449 | INFO     | 6121 | MainThread | backend.api:lifespan:33 | 初始化系统资源
2025-08-18 19:23:14.449 | INFO     | 6121 | MainThread | backend.api:lifespan:33 | 初始化系统资源
2025-08-18 19:24:48.629 | INFO     | 6121 | MainThread | backend.routers.diagnosis:create_diagnosis:22 | 开始处理诊断请求: 四天前猫在家出现流涎，第二天开始有抽搐的情况。一天一到两次抽搐，精神很好食欲正常，大小便都正常
2025-08-18 19:24:48.629 | INFO     | 6121 | MainThread | backend.routers.diagnosis:create_diagnosis:22 | 开始处理诊断请求: 四天前猫在家出现流涎，第二天开始有抽搐的情况。一天一到两次抽搐，精神很好食欲正常，大小便都正常
2025-08-18 19:24:48.633 | INFO     | 6121 | MainThread | core.ai_diagnosis.diagnosis:__init__:146 | Model Name: ZhipuAI/GLM-4.5
2025-08-18 19:24:48.633 | INFO     | 6121 | MainThread | core.ai_diagnosis.diagnosis:__init__:146 | Model Name: ZhipuAI/GLM-4.5
2025-08-18 19:24:48.633 | INFO     | 6121 | MainThread | core.ai_diagnosis.diagnosis:__init__:147 | Base URL: https://api-inference.modelscope.cn/v1
2025-08-18 19:24:48.633 | INFO     | 6121 | MainThread | core.ai_diagnosis.diagnosis:__init__:147 | Base URL: https://api-inference.modelscope.cn/v1
2025-08-18 19:24:48.633 | INFO     | 6121 | MainThread | core.ai_diagnosis.diagnosis:__init__:148 | API Key: ms-d3532402-86de-4e6d-b60d-158e0851895d
2025-08-18 19:24:48.633 | INFO     | 6121 | MainThread | core.ai_diagnosis.diagnosis:__init__:148 | API Key: ms-d3532402-86de-4e6d-b60d-158e0851895d
2025-08-18 19:25:05.461 | INFO     | 8501 | MainThread | backend.api:lifespan:33 | 初始化系统资源
2025-08-18 19:25:05.461 | INFO     | 8501 | MainThread | backend.api:lifespan:33 | 初始化系统资源
2025-08-18 19:25:09.027 | INFO     | 8501 | MainThread | backend.routers.diagnosis:create_diagnosis:22 | 开始处理诊断请求: 四天前猫在家出现流涎，第二天开始有抽搐的情况。一天一到两次抽搐，精神很好食欲正常，大小便都正常
2025-08-18 19:25:09.027 | INFO     | 8501 | MainThread | backend.routers.diagnosis:create_diagnosis:22 | 开始处理诊断请求: 四天前猫在家出现流涎，第二天开始有抽搐的情况。一天一到两次抽搐，精神很好食欲正常，大小便都正常
2025-08-18 19:25:09.030 | INFO     | 8501 | MainThread | core.ai_diagnosis.diagnosis:__init__:146 | Model Name: ZhipuAI/GLM-4.5
2025-08-18 19:25:09.030 | INFO     | 8501 | MainThread | core.ai_diagnosis.diagnosis:__init__:146 | Model Name: ZhipuAI/GLM-4.5
2025-08-18 19:25:09.030 | INFO     | 8501 | MainThread | core.ai_diagnosis.diagnosis:__init__:147 | Base URL: https://api-inference.modelscope.cn/v1
2025-08-18 19:25:09.030 | INFO     | 8501 | MainThread | core.ai_diagnosis.diagnosis:__init__:147 | Base URL: https://api-inference.modelscope.cn/v1
2025-08-18 19:25:09.030 | INFO     | 8501 | MainThread | core.ai_diagnosis.diagnosis:__init__:148 | API Key: ms-d3532402-86de-4e6d-b60d-158e0851895d
2025-08-18 19:25:09.030 | INFO     | 8501 | MainThread | core.ai_diagnosis.diagnosis:__init__:148 | API Key: ms-d3532402-86de-4e6d-b60d-158e0851895d
2025-08-18 19:25:35.696 | INFO     | 9157 | MainThread | backend.api:lifespan:33 | 初始化系统资源
2025-08-18 19:25:35.696 | INFO     | 9157 | MainThread | backend.api:lifespan:33 | 初始化系统资源
2025-08-18 19:31:27.169 | INFO     | 9157 | MainThread | backend.routers.diagnosis:create_diagnosis:22 | 开始处理诊断请求: 猫本身比较肥胖，最近突然消瘦，胃口转差，继而开始出现黄疸。精神正常，胃口不好，排便少，尿液黄
2025-08-18 19:31:27.169 | INFO     | 9157 | MainThread | backend.routers.diagnosis:create_diagnosis:22 | 开始处理诊断请求: 猫本身比较肥胖，最近突然消瘦，胃口转差，继而开始出现黄疸。精神正常，胃口不好，排便少，尿液黄
2025-08-18 19:31:27.172 | INFO     | 9157 | MainThread | core.ai_diagnosis.diagnosis:__init__:146 | Model Name: ZhipuAI/GLM-4.5
2025-08-18 19:31:27.172 | INFO     | 9157 | MainThread | core.ai_diagnosis.diagnosis:__init__:146 | Model Name: ZhipuAI/GLM-4.5
2025-08-18 19:31:27.172 | INFO     | 9157 | MainThread | core.ai_diagnosis.diagnosis:__init__:147 | Base URL: https://api-inference.modelscope.cn/v1
2025-08-18 19:31:27.172 | INFO     | 9157 | MainThread | core.ai_diagnosis.diagnosis:__init__:147 | Base URL: https://api-inference.modelscope.cn/v1
2025-08-18 19:31:27.172 | INFO     | 9157 | MainThread | core.ai_diagnosis.diagnosis:__init__:148 | API Key: ms-d3532402-86de-4e6d-b60d-158e0851895d
2025-08-18 19:31:27.172 | INFO     | 9157 | MainThread | core.ai_diagnosis.diagnosis:__init__:148 | API Key: ms-d3532402-86de-4e6d-b60d-158e0851895d
2025-08-18 19:31:44.311 | INFO     | 17055 | MainThread | backend.api:lifespan:33 | 初始化系统资源
2025-08-18 19:31:44.311 | INFO     | 17055 | MainThread | backend.api:lifespan:33 | 初始化系统资源
2025-08-18 19:31:46.260 | INFO     | 17055 | MainThread | backend.routers.diagnosis:create_diagnosis:22 | 开始处理诊断请求: 猫本身比较肥胖，最近突然消瘦，胃口转差，继而开始出现黄疸。精神正常，胃口不好，排便少，尿液黄
2025-08-18 19:31:46.260 | INFO     | 17055 | MainThread | backend.routers.diagnosis:create_diagnosis:22 | 开始处理诊断请求: 猫本身比较肥胖，最近突然消瘦，胃口转差，继而开始出现黄疸。精神正常，胃口不好，排便少，尿液黄
2025-08-18 19:31:46.262 | INFO     | 17055 | MainThread | core.ai_diagnosis.diagnosis:__init__:146 | Model Name: ZhipuAI/GLM-4.5
2025-08-18 19:31:46.262 | INFO     | 17055 | MainThread | core.ai_diagnosis.diagnosis:__init__:146 | Model Name: ZhipuAI/GLM-4.5
2025-08-18 19:31:46.262 | INFO     | 17055 | MainThread | core.ai_diagnosis.diagnosis:__init__:147 | Base URL: https://api-inference.modelscope.cn/v1
2025-08-18 19:31:46.262 | INFO     | 17055 | MainThread | core.ai_diagnosis.diagnosis:__init__:147 | Base URL: https://api-inference.modelscope.cn/v1
2025-08-18 19:31:46.262 | INFO     | 17055 | MainThread | core.ai_diagnosis.diagnosis:__init__:148 | API Key: ms-d3532402-86de-4e6d-b60d-158e0851895d
2025-08-18 19:31:46.262 | INFO     | 17055 | MainThread | core.ai_diagnosis.diagnosis:__init__:148 | API Key: ms-d3532402-86de-4e6d-b60d-158e0851895d
2025-08-18 19:32:00.887 | INFO     | 17402 | MainThread | backend.api:lifespan:33 | 初始化系统资源
2025-08-18 19:32:00.887 | INFO     | 17402 | MainThread | backend.api:lifespan:33 | 初始化系统资源
2025-08-18 19:33:31.284 | INFO     | 17402 | MainThread | backend.routers.diagnosis:create_diagnosis:22 | 开始处理诊断请求: 1岁小博美，近几天呼吸加快，咳嗽，吃喝排便正常
2025-08-18 19:33:31.284 | INFO     | 17402 | MainThread | backend.routers.diagnosis:create_diagnosis:22 | 开始处理诊断请求: 1岁小博美，近几天呼吸加快，咳嗽，吃喝排便正常
2025-08-18 19:33:31.287 | INFO     | 17402 | MainThread | core.ai_diagnosis.diagnosis:__init__:146 | Model Name: ZhipuAI/GLM-4.5
2025-08-18 19:33:31.287 | INFO     | 17402 | MainThread | core.ai_diagnosis.diagnosis:__init__:146 | Model Name: ZhipuAI/GLM-4.5
2025-08-18 19:33:31.288 | INFO     | 17402 | MainThread | core.ai_diagnosis.diagnosis:__init__:147 | Base URL: https://api-inference.modelscope.cn/v1
2025-08-18 19:33:31.288 | INFO     | 17402 | MainThread | core.ai_diagnosis.diagnosis:__init__:147 | Base URL: https://api-inference.modelscope.cn/v1
2025-08-18 19:33:31.288 | INFO     | 17402 | MainThread | core.ai_diagnosis.diagnosis:__init__:148 | API Key: ms-d3532402-86de-4e6d-b60d-158e0851895d
2025-08-18 19:33:31.288 | INFO     | 17402 | MainThread | core.ai_diagnosis.diagnosis:__init__:148 | API Key: ms-d3532402-86de-4e6d-b60d-158e0851895d
2025-08-18 19:33:49.667 | INFO     | 19722 | MainThread | backend.api:lifespan:33 | 初始化系统资源
2025-08-18 19:33:49.667 | INFO     | 19722 | MainThread | backend.api:lifespan:33 | 初始化系统资源
2025-08-18 19:36:07.149 | INFO     | 19722 | MainThread | backend.routers.diagnosis:create_diagnosis:22 | 开始处理诊断请求: 猫咪一岁，在家突然精神差，发烧，没有呕吐，有拉稀，以前在家有吃吊兰的习惯
2025-08-18 19:36:07.149 | INFO     | 19722 | MainThread | backend.routers.diagnosis:create_diagnosis:22 | 开始处理诊断请求: 猫咪一岁，在家突然精神差，发烧，没有呕吐，有拉稀，以前在家有吃吊兰的习惯
2025-08-18 19:36:07.160 | INFO     | 19722 | MainThread | core.ai_diagnosis.diagnosis:__init__:146 | Model Name: ZhipuAI/GLM-4.5
2025-08-18 19:36:07.160 | INFO     | 19722 | MainThread | core.ai_diagnosis.diagnosis:__init__:146 | Model Name: ZhipuAI/GLM-4.5
2025-08-18 19:36:07.161 | INFO     | 19722 | MainThread | core.ai_diagnosis.diagnosis:__init__:147 | Base URL: https://api-inference.modelscope.cn/v1
2025-08-18 19:36:07.161 | INFO     | 19722 | MainThread | core.ai_diagnosis.diagnosis:__init__:147 | Base URL: https://api-inference.modelscope.cn/v1
2025-08-18 19:36:07.161 | INFO     | 19722 | MainThread | core.ai_diagnosis.diagnosis:__init__:148 | API Key: ms-d3532402-86de-4e6d-b60d-158e0851895d
2025-08-18 19:36:07.161 | INFO     | 19722 | MainThread | core.ai_diagnosis.diagnosis:__init__:148 | API Key: ms-d3532402-86de-4e6d-b60d-158e0851895d
2025-08-18 19:36:21.994 | INFO     | 22961 | MainThread | backend.api:lifespan:33 | 初始化系统资源
2025-08-18 19:36:21.994 | INFO     | 22961 | MainThread | backend.api:lifespan:33 | 初始化系统资源
2025-08-18 19:39:08.674 | INFO     | 22961 | MainThread | backend.api:lifespan:44 | 正在清理应用资源...
2025-08-18 19:39:08.674 | INFO     | 22961 | MainThread | backend.api:lifespan:44 | 正在清理应用资源...
2025-08-18 19:39:09.780 | INFO     | 26529 | MainThread | backend.api:lifespan:33 | 初始化系统资源
2025-08-18 19:39:09.780 | INFO     | 26529 | MainThread | backend.api:lifespan:33 | 初始化系统资源
2025-08-18 19:39:12.308 | INFO     | 26529 | MainThread | backend.api:lifespan:44 | 正在清理应用资源...
2025-08-18 19:39:12.308 | INFO     | 26529 | MainThread | backend.api:lifespan:44 | 正在清理应用资源...
2025-08-19 19:13:01.892 | INFO     | 10539 | MainThread | backend.api:lifespan:33 | 初始化系统资源
2025-08-19 19:13:24.197 | INFO     | 10539 | MainThread | backend.routers.diagnosis:create_diagnosis:22 | 开始处理诊断请求: 1.家养群居田园猫，14岁，公已去势，因流口水，口臭，体重下降，触诊体况消瘦，走路打摆，口腔恶臭，打开牙龈还好，贫血发白，但无明显发红炎症，牙结石严重
2025-08-19 19:13:24.199 | INFO     | 10539 | MainThread | core.ai_diagnosis.diagnosis:__init__:146 | Model Name: ZhipuAI/GLM-4.5
2025-08-19 19:13:24.199 | INFO     | 10539 | MainThread | core.ai_diagnosis.diagnosis:__init__:147 | Base URL: https://api-inference.modelscope.cn/v1
2025-08-19 19:13:24.199 | INFO     | 10539 | MainThread | core.ai_diagnosis.diagnosis:__init__:148 | API Key: ms-d3532402-86de-4e6d-b60d-158e0851895d
2025-08-19 19:13:51.507 | INFO     | 11244 | MainThread | backend.api:lifespan:33 | 初始化系统资源
2025-08-19 19:15:14.700 | INFO     | 11244 | MainThread | backend.routers.diagnosis:create_diagnosis:22 | 开始处理诊断请求: 母猫刚生完小猫1个月，6个小猫都还在吃奶，主要表现是四肢无力，站立困难，脚一直会脚背着地，但还是能正常爬走，黏膜潮红，体表温度有点发热
2025-08-19 19:15:14.703 | INFO     | 11244 | MainThread | core.ai_diagnosis.diagnosis:__init__:146 | Model Name: ZhipuAI/GLM-4.5
2025-08-19 19:15:14.703 | INFO     | 11244 | MainThread | core.ai_diagnosis.diagnosis:__init__:147 | Base URL: https://api-inference.modelscope.cn/v1
2025-08-19 19:15:14.703 | INFO     | 11244 | MainThread | core.ai_diagnosis.diagnosis:__init__:148 | API Key: ms-d3532402-86de-4e6d-b60d-158e0851895d
2025-08-19 19:15:40.008 | INFO     | 12773 | MainThread | backend.api:lifespan:33 | 初始化系统资源
2025-08-19 19:16:23.884 | INFO     | 12773 | MainThread | backend.routers.diagnosis:create_diagnosis:22 | 开始处理诊断请求: 七个月的小狗断断续续呕吐，两天前无食欲呕吐黄色液体，会表现出祈祷姿势。
2025-08-19 19:16:23.886 | INFO     | 12773 | MainThread | core.ai_diagnosis.diagnosis:__init__:146 | Model Name: ZhipuAI/GLM-4.5
2025-08-19 19:16:23.886 | INFO     | 12773 | MainThread | core.ai_diagnosis.diagnosis:__init__:147 | Base URL: https://api-inference.modelscope.cn/v1
2025-08-19 19:16:23.886 | INFO     | 12773 | MainThread | core.ai_diagnosis.diagnosis:__init__:148 | API Key: ms-d3532402-86de-4e6d-b60d-158e0851895d
2025-08-19 19:16:47.732 | INFO     | 13730 | MainThread | backend.api:lifespan:33 | 初始化系统资源
2025-08-19 19:17:34.129 | INFO     | 13730 | MainThread | backend.routers.diagnosis:create_diagnosis:22 | 开始处理诊断请求: 三花五岁，生过三窝，散养，疫苗第一年打过两针。主诉过年期间家里人多，怀疑受到应激后到现在一直不吃不喝，消瘦，原来8斤，现在4斤，体温39.4。皮肤黏膜发黄。
2025-08-19 19:17:34.131 | INFO     | 13730 | MainThread | core.ai_diagnosis.diagnosis:__init__:146 | Model Name: ZhipuAI/GLM-4.5
2025-08-19 19:17:34.131 | INFO     | 13730 | MainThread | core.ai_diagnosis.diagnosis:__init__:147 | Base URL: https://api-inference.modelscope.cn/v1
2025-08-19 19:17:34.131 | INFO     | 13730 | MainThread | core.ai_diagnosis.diagnosis:__init__:148 | API Key: ms-d3532402-86de-4e6d-b60d-158e0851895d
2025-08-19 19:18:03.337 | INFO     | 14805 | MainThread | backend.api:lifespan:33 | 初始化系统资源
2025-08-19 19:19:03.756 | INFO     | 14805 | MainThread | backend.routers.diagnosis:create_diagnosis:22 | 开始处理诊断请求: 四个月小狗，晚上刚到家，到家后吃了点粮一口气喝了三百毫升水，之后兴奋的一直蹦跳转圈，半小时后睡觉，突发呕吐
2025-08-19 19:19:03.759 | INFO     | 14805 | MainThread | core.ai_diagnosis.diagnosis:__init__:146 | Model Name: ZhipuAI/GLM-4.5
2025-08-19 19:19:03.759 | INFO     | 14805 | MainThread | core.ai_diagnosis.diagnosis:__init__:147 | Base URL: https://api-inference.modelscope.cn/v1
2025-08-19 19:19:03.759 | INFO     | 14805 | MainThread | core.ai_diagnosis.diagnosis:__init__:148 | API Key: ms-d3532402-86de-4e6d-b60d-158e0851895d
2025-08-19 19:19:36.356 | INFO     | 16109 | MainThread | backend.api:lifespan:33 | 初始化系统资源
2025-08-19 19:23:17.750 | INFO     | 16109 | MainThread | backend.routers.diagnosis:create_diagnosis:85 | 开始处理诊断请求: 1.家养群居田园猫，14岁，公已去势，因流口水，口臭，体重下降，触诊体况消瘦，走路打摆，口腔恶臭，打开牙龈还好，贫血发白，但无明显发红炎症，牙结石严重
2025-08-19 19:23:17.754 | INFO     | 16109 | MainThread | core.ai_diagnosis.herb_diagnosis:__init__:192 | Model Name: ZhipuAI/GLM-4.5
2025-08-19 19:23:17.754 | INFO     | 16109 | MainThread | core.ai_diagnosis.herb_diagnosis:__init__:193 | Base URL: https://api-inference.modelscope.cn/v1
2025-08-19 19:23:17.754 | INFO     | 16109 | MainThread | core.ai_diagnosis.herb_diagnosis:__init__:194 | API Key: ms-d3532402-86de-4e6d-b60d-158e0851895d
2025-08-19 19:23:47.688 | INFO     | 21790 | MainThread | backend.api:lifespan:33 | 初始化系统资源
2025-08-19 19:24:22.213 | INFO     | 21790 | MainThread | backend.routers.diagnosis:create_diagnosis:85 | 开始处理诊断请求: 母猫刚生完小猫1个月，6个小猫都还在吃奶，主要表现是四肢无力，站立困难，脚一直会脚背着地，但还是能正常爬走，黏膜潮红，体表温度有点发热
2025-08-19 19:24:22.216 | INFO     | 21790 | MainThread | core.ai_diagnosis.herb_diagnosis:__init__:192 | Model Name: ZhipuAI/GLM-4.5
2025-08-19 19:24:22.216 | INFO     | 21790 | MainThread | core.ai_diagnosis.herb_diagnosis:__init__:193 | Base URL: https://api-inference.modelscope.cn/v1
2025-08-19 19:24:22.216 | INFO     | 21790 | MainThread | core.ai_diagnosis.herb_diagnosis:__init__:194 | API Key: ms-d3532402-86de-4e6d-b60d-158e0851895d
2025-08-19 19:24:53.064 | INFO     | 23139 | MainThread | backend.api:lifespan:33 | 初始化系统资源
2025-08-19 19:25:22.194 | INFO     | 23139 | MainThread | backend.routers.diagnosis:create_diagnosis:85 | 开始处理诊断请求: 七个月的小狗断断续续呕吐，两天前无食欲呕吐黄色液体，会表现出祈祷姿势。
2025-08-19 19:25:22.196 | INFO     | 23139 | MainThread | core.ai_diagnosis.herb_diagnosis:__init__:192 | Model Name: ZhipuAI/GLM-4.5
2025-08-19 19:25:22.196 | INFO     | 23139 | MainThread | core.ai_diagnosis.herb_diagnosis:__init__:193 | Base URL: https://api-inference.modelscope.cn/v1
2025-08-19 19:25:22.197 | INFO     | 23139 | MainThread | core.ai_diagnosis.herb_diagnosis:__init__:194 | API Key: ms-d3532402-86de-4e6d-b60d-158e0851895d
2025-08-19 19:25:41.168 | INFO     | 24115 | MainThread | backend.api:lifespan:33 | 初始化系统资源
2025-08-19 19:26:43.009 | INFO     | 24115 | MainThread | backend.routers.diagnosis:create_diagnosis:85 | 开始处理诊断请求: 三花五岁，生过三窝，散养，疫苗第一年打过两针。主诉过年期间家里人多，怀疑受到应激后到现在一直不吃不喝，消瘦，原来8斤，现在4斤，体温39.4。皮肤黏膜发黄。
2025-08-19 19:26:43.012 | INFO     | 24115 | MainThread | core.ai_diagnosis.herb_diagnosis:__init__:192 | Model Name: ZhipuAI/GLM-4.5
2025-08-19 19:26:43.012 | INFO     | 24115 | MainThread | core.ai_diagnosis.herb_diagnosis:__init__:193 | Base URL: https://api-inference.modelscope.cn/v1
2025-08-19 19:26:43.012 | INFO     | 24115 | MainThread | core.ai_diagnosis.herb_diagnosis:__init__:194 | API Key: ms-d3532402-86de-4e6d-b60d-158e0851895d
2025-08-19 19:27:04.817 | INFO     | 25830 | MainThread | backend.api:lifespan:33 | 初始化系统资源
2025-08-19 19:27:49.825 | INFO     | 25830 | MainThread | backend.routers.diagnosis:create_diagnosis:85 | 开始处理诊断请求: 4.四个月小狗，晚上刚到家，到家后吃了点粮一口气喝了三百毫升水，之后兴奋的一直蹦跳转圈，半小时后睡觉，突发呕吐
2025-08-19 19:27:49.828 | INFO     | 25830 | MainThread | core.ai_diagnosis.herb_diagnosis:__init__:192 | Model Name: ZhipuAI/GLM-4.5
2025-08-19 19:27:49.828 | INFO     | 25830 | MainThread | core.ai_diagnosis.herb_diagnosis:__init__:193 | Base URL: https://api-inference.modelscope.cn/v1
2025-08-19 19:27:49.828 | INFO     | 25830 | MainThread | core.ai_diagnosis.herb_diagnosis:__init__:194 | API Key: ms-d3532402-86de-4e6d-b60d-158e0851895d
2025-08-19 19:28:15.169 | INFO     | 27290 | MainThread | backend.api:lifespan:33 | 初始化系统资源
2025-08-20 10:23:25.871 | INFO     | 27290 | MainThread | backend.api:lifespan:44 | 正在清理应用资源...
2025-08-22 20:10:45.510 | INFO     | 81031 | MainThread | backend.api:lifespan:46 | 初始化系统资源
2025-08-22 20:10:45.510 | INFO     | 81031 | MainThread | backend.api:lifespan:46 | 初始化系统资源
2025-08-22 20:12:22.785 | INFO     | 81031 | MainThread | backend.api:lifespan:57 | 正在清理应用资源...
2025-08-22 20:12:22.785 | INFO     | 81031 | MainThread | backend.api:lifespan:57 | 正在清理应用资源...
2025-08-22 20:12:24.393 | INFO     | 82446 | MainThread | backend.api:lifespan:46 | 初始化系统资源
2025-08-22 20:12:24.393 | INFO     | 82446 | MainThread | backend.api:lifespan:46 | 初始化系统资源
2025-08-22 20:12:32.796 | INFO     | 82446 | MainThread | backend.api:lifespan:57 | 正在清理应用资源...
2025-08-22 20:12:32.796 | INFO     | 82446 | MainThread | backend.api:lifespan:57 | 正在清理应用资源...
2025-08-22 20:12:34.620 | INFO     | 82606 | MainThread | backend.api:lifespan:46 | 初始化系统资源
2025-08-22 20:12:34.620 | INFO     | 82606 | MainThread | backend.api:lifespan:46 | 初始化系统资源
2025-08-22 20:13:54.018 | INFO     | 82606 | MainThread | backend.api:lifespan:57 | 正在清理应用资源...
2025-08-22 20:13:54.018 | INFO     | 82606 | MainThread | backend.api:lifespan:57 | 正在清理应用资源...
2025-08-22 20:13:55.563 | INFO     | 83731 | MainThread | backend.api:lifespan:46 | 初始化系统资源
2025-08-22 20:13:55.563 | INFO     | 83731 | MainThread | backend.api:lifespan:46 | 初始化系统资源
2025-08-22 20:14:19.597 | INFO     | 83731 | MainThread | backend.api:lifespan:57 | 正在清理应用资源...
2025-08-22 20:14:19.597 | INFO     | 83731 | MainThread | backend.api:lifespan:57 | 正在清理应用资源...
2025-08-22 20:14:20.947 | INFO     | 84105 | MainThread | backend.api:lifespan:46 | 初始化系统资源
2025-08-22 20:14:20.947 | INFO     | 84105 | MainThread | backend.api:lifespan:46 | 初始化系统资源
2025-08-22 20:14:30.510 | INFO     | 84105 | MainThread | backend.api:lifespan:57 | 正在清理应用资源...
2025-08-22 20:14:30.510 | INFO     | 84105 | MainThread | backend.api:lifespan:57 | 正在清理应用资源...
2025-08-22 20:14:31.806 | INFO     | 84263 | MainThread | backend.api:lifespan:46 | 初始化系统资源
2025-08-22 20:14:31.806 | INFO     | 84263 | MainThread | backend.api:lifespan:46 | 初始化系统资源
2025-08-22 20:14:40.752 | INFO     | 84263 | MainThread | backend.api:lifespan:57 | 正在清理应用资源...
2025-08-22 20:14:40.752 | INFO     | 84263 | MainThread | backend.api:lifespan:57 | 正在清理应用资源...
2025-08-22 20:14:41.997 | INFO     | 84409 | MainThread | backend.api:lifespan:46 | 初始化系统资源
2025-08-22 20:14:41.997 | INFO     | 84409 | MainThread | backend.api:lifespan:46 | 初始化系统资源
2025-08-22 20:14:48.299 | INFO     | 84409 | MainThread | backend.api:lifespan:57 | 正在清理应用资源...
2025-08-22 20:14:48.299 | INFO     | 84409 | MainThread | backend.api:lifespan:57 | 正在清理应用资源...
2025-08-22 20:14:49.675 | INFO     | 84519 | MainThread | backend.api:lifespan:46 | 初始化系统资源
2025-08-22 20:14:49.675 | INFO     | 84519 | MainThread | backend.api:lifespan:46 | 初始化系统资源
2025-08-22 20:15:29.280 | INFO     | 84519 | MainThread | backend.api:lifespan:57 | 正在清理应用资源...
2025-08-22 20:15:29.280 | INFO     | 84519 | MainThread | backend.api:lifespan:57 | 正在清理应用资源...
2025-08-22 20:15:30.673 | INFO     | 85798 | MainThread | backend.api:lifespan:46 | 初始化系统资源
2025-08-22 20:15:30.673 | INFO     | 85798 | MainThread | backend.api:lifespan:46 | 初始化系统资源
2025-08-22 20:15:38.801 | INFO     | 85798 | MainThread | backend.api:lifespan:57 | 正在清理应用资源...
2025-08-22 20:15:38.801 | INFO     | 85798 | MainThread | backend.api:lifespan:57 | 正在清理应用资源...
2025-08-22 20:15:40.087 | INFO     | 85954 | MainThread | backend.api:lifespan:46 | 初始化系统资源
2025-08-22 20:15:40.087 | INFO     | 85954 | MainThread | backend.api:lifespan:46 | 初始化系统资源
2025-08-22 20:15:50.624 | INFO     | 85954 | MainThread | backend.api:lifespan:57 | 正在清理应用资源...
2025-08-22 20:15:50.624 | INFO     | 85954 | MainThread | backend.api:lifespan:57 | 正在清理应用资源...
2025-08-22 20:15:51.933 | INFO     | 86130 | MainThread | backend.api:lifespan:46 | 初始化系统资源
2025-08-22 20:15:51.933 | INFO     | 86130 | MainThread | backend.api:lifespan:46 | 初始化系统资源
2025-08-22 20:15:55.772 | INFO     | 86130 | MainThread | backend.api:lifespan:57 | 正在清理应用资源...
2025-08-22 20:15:55.772 | INFO     | 86130 | MainThread | backend.api:lifespan:57 | 正在清理应用资源...
2025-08-22 20:15:57.070 | INFO     | 86190 | MainThread | backend.api:lifespan:46 | 初始化系统资源
2025-08-22 20:15:57.070 | INFO     | 86190 | MainThread | backend.api:lifespan:46 | 初始化系统资源
2025-08-22 20:15:58.182 | INFO     | 86190 | MainThread | backend.api:lifespan:57 | 正在清理应用资源...
2025-08-22 20:15:58.182 | INFO     | 86190 | MainThread | backend.api:lifespan:57 | 正在清理应用资源...
2025-08-22 20:15:59.970 | INFO     | 86249 | MainThread | backend.api:lifespan:46 | 初始化系统资源
2025-08-22 20:15:59.970 | INFO     | 86249 | MainThread | backend.api:lifespan:46 | 初始化系统资源
2025-08-22 20:17:08.531 | INFO     | 86249 | MainThread | backend.api:lifespan:57 | 正在清理应用资源...
2025-08-22 20:17:08.531 | INFO     | 86249 | MainThread | backend.api:lifespan:57 | 正在清理应用资源...
2025-08-22 20:17:09.816 | INFO     | 87640 | MainThread | backend.api:lifespan:46 | 初始化系统资源
2025-08-22 20:17:09.816 | INFO     | 87640 | MainThread | backend.api:lifespan:46 | 初始化系统资源
2025-08-22 20:17:17.740 | INFO     | 87640 | MainThread | backend.api:lifespan:57 | 正在清理应用资源...
2025-08-22 20:17:17.740 | INFO     | 87640 | MainThread | backend.api:lifespan:57 | 正在清理应用资源...
2025-08-22 20:17:19.071 | INFO     | 87792 | MainThread | backend.api:lifespan:46 | 初始化系统资源
2025-08-22 20:17:19.071 | INFO     | 87792 | MainThread | backend.api:lifespan:46 | 初始化系统资源
2025-08-22 20:19:04.963 | INFO     | 87792 | MainThread | backend.api:lifespan:57 | 正在清理应用资源...
2025-08-22 20:19:04.963 | INFO     | 87792 | MainThread | backend.api:lifespan:57 | 正在清理应用资源...
2025-08-22 20:19:06.274 | INFO     | 89301 | MainThread | backend.api:lifespan:46 | 初始化系统资源
2025-08-22 20:19:06.274 | INFO     | 89301 | MainThread | backend.api:lifespan:46 | 初始化系统资源
2025-08-22 20:19:13.767 | INFO     | 89301 | MainThread | backend.api:lifespan:57 | 正在清理应用资源...
2025-08-22 20:19:13.767 | INFO     | 89301 | MainThread | backend.api:lifespan:57 | 正在清理应用资源...
2025-08-22 20:19:15.083 | INFO     | 89428 | MainThread | backend.api:lifespan:46 | 初始化系统资源
2025-08-22 20:19:15.083 | INFO     | 89428 | MainThread | backend.api:lifespan:46 | 初始化系统资源
2025-08-22 20:19:57.758 | INFO     | 89428 | MainThread | backend.api:lifespan:57 | 正在清理应用资源...
2025-08-22 20:19:57.758 | INFO     | 89428 | MainThread | backend.api:lifespan:57 | 正在清理应用资源...
2025-08-22 20:19:58.999 | INFO     | 90080 | MainThread | backend.api:lifespan:46 | 初始化系统资源
2025-08-22 20:19:58.999 | INFO     | 90080 | MainThread | backend.api:lifespan:46 | 初始化系统资源
2025-08-22 20:20:01.536 | INFO     | 90080 | MainThread | backend.api:lifespan:57 | 正在清理应用资源...
2025-08-22 20:20:01.536 | INFO     | 90080 | MainThread | backend.api:lifespan:57 | 正在清理应用资源...
2025-08-22 20:20:02.820 | INFO     | 90147 | MainThread | backend.api:lifespan:46 | 初始化系统资源
2025-08-22 20:20:02.820 | INFO     | 90147 | MainThread | backend.api:lifespan:46 | 初始化系统资源
2025-08-22 20:20:45.320 | INFO     | 90147 | MainThread | backend.api:lifespan:57 | 正在清理应用资源...
2025-08-22 20:20:45.320 | INFO     | 90147 | MainThread | backend.api:lifespan:57 | 正在清理应用资源...
2025-08-22 20:20:46.516 | INFO     | 90747 | MainThread | backend.api:lifespan:46 | 初始化系统资源
2025-08-22 20:20:46.516 | INFO     | 90747 | MainThread | backend.api:lifespan:46 | 初始化系统资源
2025-08-22 20:21:04.378 | INFO     | 90747 | MainThread | backend.api:lifespan:57 | 正在清理应用资源...
2025-08-22 20:21:04.378 | INFO     | 90747 | MainThread | backend.api:lifespan:57 | 正在清理应用资源...
2025-08-22 20:21:05.622 | INFO     | 91016 | MainThread | backend.api:lifespan:46 | 初始化系统资源
2025-08-22 20:21:05.622 | INFO     | 91016 | MainThread | backend.api:lifespan:46 | 初始化系统资源
2025-08-22 20:21:14.919 | INFO     | 91016 | MainThread | backend.api:lifespan:57 | 正在清理应用资源...
2025-08-22 20:21:14.919 | INFO     | 91016 | MainThread | backend.api:lifespan:57 | 正在清理应用资源...
2025-08-22 20:21:16.766 | INFO     | 91184 | MainThread | backend.api:lifespan:46 | 初始化系统资源
2025-08-22 20:21:16.766 | INFO     | 91184 | MainThread | backend.api:lifespan:46 | 初始化系统资源
2025-08-22 20:46:32.603 | INFO     | 91184 | MainThread | backend.api:lifespan:57 | 正在清理应用资源...
2025-08-22 20:46:32.603 | INFO     | 91184 | MainThread | backend.api:lifespan:57 | 正在清理应用资源...
2025-08-22 20:46:34.126 | INFO     | 24733 | MainThread | backend.api:lifespan:46 | 初始化系统资源
2025-08-22 20:46:34.126 | INFO     | 24733 | MainThread | backend.api:lifespan:46 | 初始化系统资源
2025-08-22 20:46:42.629 | INFO     | 24733 | MainThread | backend.api:lifespan:57 | 正在清理应用资源...
2025-08-22 20:46:42.629 | INFO     | 24733 | MainThread | backend.api:lifespan:57 | 正在清理应用资源...
2025-08-22 20:46:43.829 | INFO     | 24878 | MainThread | backend.api:lifespan:46 | 初始化系统资源
2025-08-22 20:46:43.829 | INFO     | 24878 | MainThread | backend.api:lifespan:46 | 初始化系统资源
2025-08-22 20:48:53.963 | INFO     | 24878 | MainThread | backend.api:lifespan:57 | 正在清理应用资源...
2025-08-22 20:48:53.963 | INFO     | 24878 | MainThread | backend.api:lifespan:57 | 正在清理应用资源...
2025-08-22 20:48:55.171 | INFO     | 28246 | MainThread | backend.api:lifespan:46 | 初始化系统资源
2025-08-22 20:48:55.171 | INFO     | 28246 | MainThread | backend.api:lifespan:46 | 初始化系统资源
